// Vitest Snapshot v1, https://vitest.dev/guide/snapshot.html

exports[`Pruebas en BibleVerse > debería renderizar la lista de versículos de la Biblia cuando hay resultados de búsqueda disponibles 1`] = `
<DocumentFragment>
  <div>
    <div
      class="w-full max-w-[21.2rem] md:max-w-6xl mx-auto"
      data-orientation="horizontal"
      dir="ltr"
    >
      <div
        class="sticky top-0 z-10 pb-4 bg-background"
      >
        <div
          class="flex items-center justify-between mb-4"
        >
          <button
            class="justify-center whitespace-nowrap rounded-md text-sm font-medium transition-colors focus-visible:outline-none focus-visible:ring-1 focus-visible:ring-ring disabled:pointer-events-none disabled:opacity-50 [&_svg]:pointer-events-none [&_svg]:size-4 [&_svg]:shrink-0 border border-input bg-background shadow-sm hover:bg-accent hover:text-accent-foreground h-9 px-4 py-2 flex items-center gap-2"
          >
            <svg
              class="lucide lucide-arrow-left"
              fill="none"
              height="16"
              stroke="currentColor"
              stroke-linecap="round"
              stroke-linejoin="round"
              stroke-width="2"
              viewBox="0 0 24 24"
              width="16"
              xmlns="http://www.w3.org/2000/svg"
            >
              <path
                d="m12 19-7-7 7-7"
              />
              <path
                d="M19 12H5"
              />
            </svg>
            Volver
          </button>
          <h2
            class="text-xl font-semibold"
          >
            Resultados de búsqueda
          </h2>
        </div>
      </div>
      <div
        class="space-y-4 mt-4"
      >
        <div
          class="bg-card text-card-foreground shadow-md rounded-lg p-4"
        >
          <h3
            class="text-sm text-muted-foreground font-semibold mb-2"
          >
            1
          </h3>
          <p
            class="text-base"
          >
            En el principio Dios creó los cielos y la tierra.
          </p>
          <div
            class="flex justify-end gap-4 mt-4"
          >
            <button
              aria-label="agregar"
              class="mt-2 focus:outline-none"
            >
              <svg
                class="lucide lucide-heart w-6 h-6 text-muted-foreground"
                fill="none"
                height="24"
                stroke="currentColor"
                stroke-linecap="round"
                stroke-linejoin="round"
                stroke-width="2"
                viewBox="0 0 24 24"
                width="24"
                xmlns="http://www.w3.org/2000/svg"
              >
                <path
                  d="M19 14c1.49-1.46 3-3.21 3-5.5A5.5 5.5 0 0 0 16.5 3c-1.76 0-3 .5-4.5 2-1.5-1.5-2.74-2-4.5-2A5.5 5.5 0 0 0 2 8.5c0 2.3 1.5 4.05 3 5.5l7 7Z"
                />
              </svg>
            </button>
            <button
              class="text-muted-foreground hover:text-blue-500 transition-colors"
            >
              <svg
                class="lucide lucide-play"
                fill="none"
                height="20"
                stroke="currentColor"
                stroke-linecap="round"
                stroke-linejoin="round"
                stroke-width="2"
                viewBox="0 0 24 24"
                width="20"
                xmlns="http://www.w3.org/2000/svg"
              >
                <polygon
                  points="6 3 20 12 6 21 6 3"
                />
              </svg>
            </button>
            <button
              class="text-muted-foreground hover:text-green-500 transition-colors"
            >
              <svg
                class="lucide lucide-copy"
                fill="none"
                height="20"
                stroke="currentColor"
                stroke-linecap="round"
                stroke-linejoin="round"
                stroke-width="2"
                viewBox="0 0 24 24"
                width="20"
                xmlns="http://www.w3.org/2000/svg"
              >
                <rect
                  height="14"
                  rx="2"
                  ry="2"
                  width="14"
                  x="8"
                  y="8"
                />
                <path
                  d="M4 16c-1.1 0-2-.9-2-2V4c0-1.1.9-2 2-2h10c1.1 0 2 .9 2 2"
                />
              </svg>
            </button>
            <button
              class="text-muted-foreground hover:text-purple-500 transition-colors"
            >
              <svg
                class="lucide lucide-share"
                fill="none"
                height="20"
                stroke="currentColor"
                stroke-linecap="round"
                stroke-linejoin="round"
                stroke-width="2"
                viewBox="0 0 24 24"
                width="20"
                xmlns="http://www.w3.org/2000/svg"
              >
                <path
                  d="M4 12v8a2 2 0 0 0 2 2h12a2 2 0 0 0 2-2v-8"
                />
                <polyline
                  points="16 6 12 2 8 6"
                />
                <line
                  x1="12"
                  x2="12"
                  y1="2"
                  y2="15"
                />
              </svg>
            </button>
          </div>
        </div>
        <div
          class="bg-card text-card-foreground shadow-md rounded-lg p-4"
        >
          <h3
            class="text-sm text-muted-foreground font-semibold mb-2"
          >
            2
          </h3>
          <p
            class="text-base"
          >
            Y dijo Dios: Sea la luz; y fue la luz.
          </p>
          <div
            class="flex justify-end gap-4 mt-4"
          >
            <button
              aria-label="agregar"
              class="mt-2 focus:outline-none"
            >
              <svg
                class="lucide lucide-heart w-6 h-6 text-muted-foreground"
                fill="none"
                height="24"
                stroke="currentColor"
                stroke-linecap="round"
                stroke-linejoin="round"
                stroke-width="2"
                viewBox="0 0 24 24"
                width="24"
                xmlns="http://www.w3.org/2000/svg"
              >
                <path
                  d="M19 14c1.49-1.46 3-3.21 3-5.5A5.5 5.5 0 0 0 16.5 3c-1.76 0-3 .5-4.5 2-1.5-1.5-2.74-2-4.5-2A5.5 5.5 0 0 0 2 8.5c0 2.3 1.5 4.05 3 5.5l7 7Z"
                />
              </svg>
            </button>
            <button
              class="text-muted-foreground hover:text-blue-500 transition-colors"
            >
              <svg
                class="lucide lucide-play"
                fill="none"
                height="20"
                stroke="currentColor"
                stroke-linecap="round"
                stroke-linejoin="round"
                stroke-width="2"
                viewBox="0 0 24 24"
                width="20"
                xmlns="http://www.w3.org/2000/svg"
              >
                <polygon
                  points="6 3 20 12 6 21 6 3"
                />
              </svg>
            </button>
            <button
              class="text-muted-foreground hover:text-green-500 transition-colors"
            >
              <svg
                class="lucide lucide-copy"
                fill="none"
                height="20"
                stroke="currentColor"
                stroke-linecap="round"
                stroke-linejoin="round"
                stroke-width="2"
                viewBox="0 0 24 24"
                width="20"
                xmlns="http://www.w3.org/2000/svg"
              >
                <rect
                  height="14"
                  rx="2"
                  ry="2"
                  width="14"
                  x="8"
                  y="8"
                />
                <path
                  d="M4 16c-1.1 0-2-.9-2-2V4c0-1.1.9-2 2-2h10c1.1 0 2 .9 2 2"
                />
              </svg>
            </button>
            <button
              class="text-muted-foreground hover:text-purple-500 transition-colors"
            >
              <svg
                class="lucide lucide-share"
                fill="none"
                height="20"
                stroke="currentColor"
                stroke-linecap="round"
                stroke-linejoin="round"
                stroke-width="2"
                viewBox="0 0 24 24"
                width="20"
                xmlns="http://www.w3.org/2000/svg"
              >
                <path
                  d="M4 12v8a2 2 0 0 0 2 2h12a2 2 0 0 0 2-2v-8"
                />
                <polyline
                  points="16 6 12 2 8 6"
                />
                <line
                  x1="12"
                  x2="12"
                  y1="2"
                  y2="15"
                />
              </svg>
            </button>
          </div>
        </div>
      </div>
    </div>
  </div>
</DocumentFragment>
`;

exports[`Pruebas en BibleVerse > debería renderizar un mensaje cuando no hay resultados de búsqueda disponibles 1`] = `
<DocumentFragment>
  <div>
    <div
      class="w-full max-w-[21.2rem] md:max-w-6xl mx-auto"
      data-orientation="horizontal"
      dir="ltr"
    >
      <div
        class="sticky top-0 z-10 pb-4 bg-background"
      >
        <h1
          class="text-2xl font-bold text-center mb-4"
        />
        <div
          class="text-center py-8"
        >
          <svg
            class="lucide lucide-book w-12 h-12 text-muted-foreground mx-auto mb-3"
            fill="none"
            height="24"
            stroke="currentColor"
            stroke-linecap="round"
            stroke-linejoin="round"
            stroke-width="2"
            viewBox="0 0 24 24"
            width="24"
            xmlns="http://www.w3.org/2000/svg"
          >
            <path
              d="M4 19.5v-15A2.5 2.5 0 0 1 6.5 2H19a1 1 0 0 1 1 1v18a1 1 0 0 1-1 1H6.5a1 1 0 0 1 0-5H20"
            />
          </svg>
          <p
            class="text-lg font-semibold"
          >
            No hay versículos aún
          </p>
          <p
            class="text-muted-foreground mb-4"
          >
            Selecciona en la parte superior para comenzar
          </p>
        </div>
      </div>
      <div
        class="space-y-4 mt-4"
      />
    </div>
  </div>
</DocumentFragment>
`;
