// Vitest Snapshot v1, https://vitest.dev/guide/snapshot.html

exports[`Pruebas en el componente Loading > se renderiza sin fallar 1`] = `
<DocumentFragment>
  <div
    class="w-full min-h-screen flex items-center justify-center bg-gradient-to-b from-amber-50 to-white"
  >
    <div
      class="flex flex-col items-center justify-center space-y-8 p-8"
    >
      <div
        class="relative"
      >
        <svg
          class="lucide lucide-scroll w-16 h-16 text-amber-800 animate-pulse"
          fill="none"
          height="24"
          stroke="currentColor"
          stroke-linecap="round"
          stroke-linejoin="round"
          stroke-width="2"
          viewBox="0 0 24 24"
          width="24"
          xmlns="http://www.w3.org/2000/svg"
        >
          <path
            d="M19 17V5a2 2 0 0 0-2-2H4"
          />
          <path
            d="M8 21h12a2 2 0 0 0 2-2v-1a1 1 0 0 0-1-1H11a1 1 0 0 0-1 1v1a2 2 0 1 1-4 0V5a2 2 0 1 0-4 0v2a1 1 0 0 0 1 1h3"
          />
        </svg>
        <span
          class="absolute inset-0 h-16 w-16 border-4 border-amber-800/20 border-t-amber-800 rounded-full animate-spin"
        />
      </div>
      <div
        class="flex flex-col items-center space-y-2"
      >
        <p
          class="text-amber-900 text-2xl font-serif"
        >
          Cargando...
        </p>
        <p
          class="text-amber-700/80 text-sm font-serif italic"
        >
          "LÃ¡mpara es a mis pies tu palabra..."
        </p>
      </div>
      <div
        class="flex space-x-2"
      >
        <div
          class="w-2 h-2 rounded-full bg-amber-800/60 animate-bounce"
          style="animation-delay: 0s;"
        />
        <div
          class="w-2 h-2 rounded-full bg-amber-800/60 animate-bounce"
          style="animation-delay: 0.2s;"
        />
        <div
          class="w-2 h-2 rounded-full bg-amber-800/60 animate-bounce"
          style="animation-delay: 0.4s;"
        />
      </div>
    </div>
  </div>
</DocumentFragment>
`;
