// Vitest Snapshot v1, https://vitest.dev/guide/snapshot.html

exports[`SearchBar > deshabilita el input y el bot√≥n mientras se carga 1`] = `
<DocumentFragment>
  <form
    class="flex items-center gap-2 w-full"
  >
    <input
      class="border rounded-lg p-2 flex-grow sm:max-w-[250px] w-4/5 dark:bg-slate-800"
      disabled=""
      placeholder="Ejemplo: 'Dios', 'fe', 'esperanza'"
      type="text"
      value="Dios"
    />
    <button
      class="inline-flex items-center justify-center gap-2 whitespace-nowrap text-sm font-medium transition-colors focus-visible:outline-none focus-visible:ring-1 focus-visible:ring-ring disabled:pointer-events-none disabled:opacity-50 [&_svg]:pointer-events-none [&_svg]:size-4 [&_svg]:shrink-0 shadow hover:bg-primary/90 h-9 p-2 rounded-lg text-sidebar-primary-foreground bg-sidebar-primary dark:bg-slate-50 dark:text-slate-900"
      disabled=""
      type="submit"
    >
      <svg
        class="lucide lucide-loader-circle w-5 h-5 animate-spin"
        fill="none"
        height="24"
        stroke="currentColor"
        stroke-linecap="round"
        stroke-linejoin="round"
        stroke-width="2"
        viewBox="0 0 24 24"
        width="24"
        xmlns="http://www.w3.org/2000/svg"
      >
        <path
          d="M21 12a9 9 0 1 1-6.219-8.56"
        />
      </svg>
    </button>
  </form>
</DocumentFragment>
`;

exports[`SearchBar > llama a searchBibleVerse al enviar el formulario 1`] = `
<DocumentFragment>
  <form
    class="flex items-center gap-2 w-full"
  >
    <input
      class="border rounded-lg p-2 flex-grow sm:max-w-[250px] w-4/5 dark:bg-slate-800"
      disabled=""
      placeholder="Ejemplo: 'Dios', 'fe', 'esperanza'"
      type="text"
      value="Dios"
    />
    <button
      class="inline-flex items-center justify-center gap-2 whitespace-nowrap text-sm font-medium transition-colors focus-visible:outline-none focus-visible:ring-1 focus-visible:ring-ring disabled:pointer-events-none disabled:opacity-50 [&_svg]:pointer-events-none [&_svg]:size-4 [&_svg]:shrink-0 shadow hover:bg-primary/90 h-9 p-2 rounded-lg text-sidebar-primary-foreground bg-sidebar-primary dark:bg-slate-50 dark:text-slate-900"
      disabled=""
      type="submit"
    >
      <svg
        class="lucide lucide-loader-circle w-5 h-5 animate-spin"
        fill="none"
        height="24"
        stroke="currentColor"
        stroke-linecap="round"
        stroke-linejoin="round"
        stroke-width="2"
        viewBox="0 0 24 24"
        width="24"
        xmlns="http://www.w3.org/2000/svg"
      >
        <path
          d="M21 12a9 9 0 1 1-6.219-8.56"
        />
      </svg>
    </button>
  </form>
</DocumentFragment>
`;
