// Vitest Snapshot v1, https://vitest.dev/guide/snapshot.html

exports[`SearchBook Component > matches the snapshot 1`] = `
<DocumentFragment>
  <div
    class="relative"
  >
    <svg
      class="lucide lucide-search absolute left-2 top-1/2 h-4 w-4 -translate-y-1/2 transform text-muted-foreground"
      fill="none"
      height="24"
      stroke="currentColor"
      stroke-linecap="round"
      stroke-linejoin="round"
      stroke-width="2"
      viewBox="0 0 24 24"
      width="24"
      xmlns="http://www.w3.org/2000/svg"
    >
      <circle
        cx="11"
        cy="11"
        r="8"
      />
      <path
        d="m21 21-4.3-4.3"
      />
    </svg>
    <input
      class="flex h-9 w-full rounded-md border border-input bg-transparent px-3 py-1 text-base shadow-sm transition-colors file:border-0 file:bg-transparent file:text-sm file:font-medium file:text-foreground placeholder:text-muted-foreground focus-visible:outline-none focus-visible:ring-1 focus-visible:ring-ring disabled:cursor-not-allowed disabled:opacity-50 md:text-sm pl-8"
      placeholder="Buscar en la Biblia..."
      type="search"
    />
  </div>
</DocumentFragment>
`;
